// Jest Snapshot v1, https://goo.gl/fbAQLP

exports[`Message component Should render component without errors 1`] = `
<div>
  <article
    class="media landbot-message"
    data-author="bot"
    data-landbot="message"
  >
    <figure
      class="media-left landbot-message-avatar"
    >
      <p
        class="image is-64x64"
      >
        <img
          alt=""
          class="is-rounded"
          src="http://i.pravatar.cc/100"
        />
      </p>
    </figure>
    <div
      class="media-content landbot-message-content"
    >
      <div
        class="content"
      >
        <p>
          hola
        </p>
      </div>
    </div>
  </article>
</div>
`;
